------------------------------------------------------------
Timing Analyzer Summary
------------------------------------------------------------

Type  : Setup 'clk'
Slack : -10.627
TNS   : -10729.837

Type  : Setup 'select_ALU2[0]'
Slack : -9.014
TNS   : -114.246

Type  : Setup 'select_ALU[0]'
Slack : -8.505
TNS   : -107.008

Type  : Setup 'wr_inc'
Slack : -7.363
TNS   : -106.214

Type  : Hold 'select_ALU2[0]'
Slack : -0.707
TNS   : -1.653

Type  : Hold 'select_ALU[0]'
Slack : 0.177
TNS   : 0.000

Type  : Hold 'clk'
Slack : 1.120
TNS   : 0.000

Type  : Hold 'wr_inc'
Slack : 2.980
TNS   : 0.000

Type  : Minimum Pulse Width 'clk'
Slack : -2.289
TNS   : -2.289

Type  : Minimum Pulse Width 'select_ALU2[0]'
Slack : -2.289
TNS   : -2.289

Type  : Minimum Pulse Width 'select_ALU[0]'
Slack : -2.289
TNS   : -2.289

Type  : Minimum Pulse Width 'wr_inc'
Slack : -2.289
TNS   : -2.289

------------------------------------------------------------
